// Jest Snapshot v1, https://goo.gl/fbAQLP

exports[`Renders correctly 1`] = `
<section
  className={undefined}
>
  <div
    className="header"
  >
    <img
      className="logo"
      src="test-file-stub"
    />
    <div
      className="login"
    >
      <a
        className="button"
        onClick={[Function]}
        style={Object {}}
      >
        Log In
      </a>
    </div>
  </div>
  <div
    className="layout"
  >
    <div
      className="main-content"
    >
      <div
        className="account-details"
      >
        <div
          className="account-details__left"
        >
          <span />
          <span />
        </div>
        <div
          className="account-details__right"
        >
          <span>
            Current account
          </span>
          <span />
          <span />
        </div>
      </div>
      <div
        className="table-wrap"
      >
        <p>
          Your transactions for the last 30 days
        </p>
        <div
          className="transactions-table"
        />
      </div>
      <a
        className="button"
        onClick={[Function]}
        style={Object {}}
      >
        Show more
      </a>
    </div>
  </div>
  <section
    className="partners"
  >
    <div>
      <div>
        <span>
          Our partners:
        </span>
      </div>
      <div>
        <div
          className="partner"
        >
          <img
            alt="Airbnb"
            src="test-file-stub"
          />
        </div>
        <div
          className="partner"
        >
          <img
            alt="Metro"
            src="test-file-stub"
          />
        </div>
        <div
          className="partner"
        >
          <img
            alt="Pariti"
            src="test-file-stub"
          />
        </div>
        <div
          className="partner"
        >
          <img
            alt="Unshackled"
            src="test-file-stub"
          />
        </div>
      </div>
    </div>
  </section>
  <footer
    className="footer"
  >
    <div>
      <p>
        © Nopa Limited 2017 All rights reserved. ‘Nopa’ and the Nopa logo are trade marks of Nopa Limited. Nopa is a member of CIFAS - the UK's leading anti-fraud association, and we are registered with the Office of the Information Commissioner (No. Z879078).
      </p>
      <p>
        Nopa Limited is incorporated in England & Wales (registration number 05197592), with its registered office at 1st Floor, Cottons Centre, Tooley Street, London, SE1 2QG. Nopa Limited is authorised and regulated by the Financial Conduct Authority, and entered on the Financial Services Register under firm registration number 563134.
      </p>
    </div>
  </footer>
</section>
`;
